Archive member included to satisfy reference by file (symbol)

c:/st/stm32cubeide_1.11.0/stm32cubeide/plugins/com.st.stm32cube.ide.mcu.externaltools.gnu-tools-for-stm32.10.3-2021.10.win32_1.0.200.202301161003/tools/bin/../lib/gcc/arm-none-eabi/10.3.1/../../../../arm-none-eabi/lib/thumb/v7e-m+fp/hard\libc_nano.a(lib_a-errno.o)
                              ./Core/Src/syscalls.o (__errno)
c:/st/stm32cubeide_1.11.0/stm32cubeide/plugins/com.st.stm32cube.ide.mcu.externaltools.gnu-tools-for-stm32.10.3-2021.10.win32_1.0.200.202301161003/tools/bin/../lib/gcc/arm-none-eabi/10.3.1/../../../../arm-none-eabi/lib/thumb/v7e-m+fp/hard\libc_nano.a(lib_a-exit.o)
                              c:/st/stm32cubeide_1.11.0/stm32cubeide/plugins/com.st.stm32cube.ide.mcu.externaltools.gnu-tools-for-stm32.10.3-2021.10.win32_1.0.200.202301161003/tools/bin/../lib/gcc/arm-none-eabi/10.3.1/../../../../arm-none-eabi/lib/thumb/v7e-m+fp/hard/crt0.o (exit)
c:/st/stm32cubeide_1.11.0/stm32cubeide/plugins/com.st.stm32cube.ide.mcu.externaltools.gnu-tools-for-stm32.10.3-2021.10.win32_1.0.200.202301161003/tools/bin/../lib/gcc/arm-none-eabi/10.3.1/../../../../arm-none-eabi/lib/thumb/v7e-m+fp/hard\libc_nano.a(lib_a-impure.o)
                              c:/st/stm32cubeide_1.11.0/stm32cubeide/plugins/com.st.stm32cube.ide.mcu.externaltools.gnu-tools-for-stm32.10.3-2021.10.win32_1.0.200.202301161003/tools/bin/../lib/gcc/arm-none-eabi/10.3.1/../../../../arm-none-eabi/lib/thumb/v7e-m+fp/hard\libc_nano.a(lib_a-exit.o) (_global_impure_ptr)
c:/st/stm32cubeide_1.11.0/stm32cubeide/plugins/com.st.stm32cube.ide.mcu.externaltools.gnu-tools-for-stm32.10.3-2021.10.win32_1.0.200.202301161003/tools/bin/../lib/gcc/arm-none-eabi/10.3.1/../../../../arm-none-eabi/lib/thumb/v7e-m+fp/hard\libc_nano.a(lib_a-init.o)
                              c:/st/stm32cubeide_1.11.0/stm32cubeide/plugins/com.st.stm32cube.ide.mcu.externaltools.gnu-tools-for-stm32.10.3-2021.10.win32_1.0.200.202301161003/tools/bin/../lib/gcc/arm-none-eabi/10.3.1/../../../../arm-none-eabi/lib/thumb/v7e-m+fp/hard/crt0.o (__libc_init_array)
c:/st/stm32cubeide_1.11.0/stm32cubeide/plugins/com.st.stm32cube.ide.mcu.externaltools.gnu-tools-for-stm32.10.3-2021.10.win32_1.0.200.202301161003/tools/bin/../lib/gcc/arm-none-eabi/10.3.1/../../../../arm-none-eabi/lib/thumb/v7e-m+fp/hard\libc_nano.a(lib_a-memset.o)
                              c:/st/stm32cubeide_1.11.0/stm32cubeide/plugins/com.st.stm32cube.ide.mcu.externaltools.gnu-tools-for-stm32.10.3-2021.10.win32_1.0.200.202301161003/tools/bin/../lib/gcc/arm-none-eabi/10.3.1/../../../../arm-none-eabi/lib/thumb/v7e-m+fp/hard/crt0.o (memset)
c:/st/stm32cubeide_1.11.0/stm32cubeide/plugins/com.st.stm32cube.ide.mcu.externaltools.gnu-tools-for-stm32.10.3-2021.10.win32_1.0.200.202301161003/tools/bin/../lib/gcc/arm-none-eabi/10.3.1/../../../../arm-none-eabi/lib/thumb/v7e-m+fp/hard\libc_nano.a(lib_a-strlen.o)
                              ./Core/Src/fonts.o (strlen)
c:/st/stm32cubeide_1.11.0/stm32cubeide/plugins/com.st.stm32cube.ide.mcu.externaltools.gnu-tools-for-stm32.10.3-2021.10.win32_1.0.200.202301161003/tools/bin/../lib/gcc/arm-none-eabi/10.3.1/thumb/v7e-m+fp/hard\libgcc.a(_aeabi_uldivmod.o)
                              ./Drivers/STM32L4xx_HAL_Driver/Src/stm32l4xx_hal_uart.o (__aeabi_uldivmod)
c:/st/stm32cubeide_1.11.0/stm32cubeide/plugins/com.st.stm32cube.ide.mcu.externaltools.gnu-tools-for-stm32.10.3-2021.10.win32_1.0.200.202301161003/tools/bin/../lib/gcc/arm-none-eabi/10.3.1/thumb/v7e-m+fp/hard\libgcc.a(_udivmoddi4.o)
                              c:/st/stm32cubeide_1.11.0/stm32cubeide/plugins/com.st.stm32cube.ide.mcu.externaltools.gnu-tools-for-stm32.10.3-2021.10.win32_1.0.200.202301161003/tools/bin/../lib/gcc/arm-none-eabi/10.3.1/thumb/v7e-m+fp/hard\libgcc.a(_aeabi_uldivmod.o) (__udivmoddi4)
c:/st/stm32cubeide_1.11.0/stm32cubeide/plugins/com.st.stm32cube.ide.mcu.externaltools.gnu-tools-for-stm32.10.3-2021.10.win32_1.0.200.202301161003/tools/bin/../lib/gcc/arm-none-eabi/10.3.1/thumb/v7e-m+fp/hard\libgcc.a(_dvmd_tls.o)
                              c:/st/stm32cubeide_1.11.0/stm32cubeide/plugins/com.st.stm32cube.ide.mcu.externaltools.gnu-tools-for-stm32.10.3-2021.10.win32_1.0.200.202301161003/tools/bin/../lib/gcc/arm-none-eabi/10.3.1/thumb/v7e-m+fp/hard\libgcc.a(_aeabi_uldivmod.o) (__aeabi_ldiv0)

Discarded input sections

 .text          0x0000000000000000        0x0 c:/st/stm32cubeide_1.11.0/stm32cubeide/plugins/com.st.stm32cube.ide.mcu.externaltools.gnu-tools-for-stm32.10.3-2021.10.win32_1.0.200.202301161003/tools/bin/../lib/gcc/arm-none-eabi/10.3.1/thumb/v7e-m+fp/hard/crti.o
 .data          0x0000000000000000        0x0 c:/st/stm32cubeide_1.11.0/stm32cubeide/plugins/com.st.stm32cube.ide.mcu.externaltools.gnu-tools-for-stm32.10.3-2021.10.win32_1.0.200.202301161003/tools/bin/../lib/gcc/arm-none-eabi/10.3.1/thumb/v7e-m+fp/hard/crti.o
[...]
Memory Configuration

Name             Origin             Length             Attributes
RAM              0x0000000020000000 0x0000000000010000 xrw
RAM2             0x0000000010000000 0x0000000000004000 xrw
FLASH            0x0000000008000000 0x0000000000040000 xr
*default*        0x0000000000000000 0xffffffffffffffff

Linker script and memory map

LOAD c:/st/stm32cubeide_1.11.0/stm32cubeide/plugins/com.st.stm32cube.ide.mcu.externaltools.gnu-tools-for-stm32.10.3-2021.10.win32_1.0.200.202301161003/tools/bin/../lib/gcc/arm-none-eabi/10.3.1/thumb/v7e-m+fp/hard/crti.o
LOAD c:/st/stm32cubeide_1.11.0/stm32cubeide/plugins/com.st.stm32cube.ide.mcu.externaltools.gnu-tools-for-stm32.10.3-2021.10.win32_1.0.200.202301161003/tools/bin/../lib/gcc/arm-none-eabi/10.3.1/thumb/v7e-m+fp/hard/crtbegin.o
LOAD c:/st/stm32cubeide_1.11.0/stm32cubeide/plugins/com.st.stm32cube.ide.mcu.externaltools.gnu-tools-for-stm32.10.3-2021.10.win32_1.0.200.202301161003/tools/bin/../lib/gcc/arm-none-eabi/10.3.1/../../../../arm-none-eabi/lib/thumb/v7e-m+fp/hard/crt0.o
LOAD ./Core/Src/fonts.o
LOAD ./Core/Src/main.o
LOAD ./Core/Src/ssd1306.o
LOAD ./Core/Src/stm32l4xx_hal_msp.o
LOAD ./Core/Src/stm32l4xx_it.o
LOAD ./Core/Src/syscalls.o
LOAD ./Core/Src/sysmem.o
LOAD ./Core/Src/system_stm32l4xx.o
LOAD ./Core/Src/test.o
LOAD ./Core/Startup/startup_stm32l432kcux.o
LOAD ./Drivers/STM32L4xx_HAL_Driver/Src/stm32l4xx_hal.o
LOAD ./Drivers/STM32L4xx_HAL_Driver/Src/stm32l4xx_hal_cortex.o
LOAD ./Drivers/STM32L4xx_HAL_Driver/Src/stm32l4xx_hal_dma.o
LOAD ./Drivers/STM32L4xx_HAL_Driver/Src/stm32l4xx_hal_dma_ex.o
LOAD ./Drivers/STM32L4xx_HAL_Driver/Src/stm32l4xx_hal_exti.o
LOAD ./Drivers/STM32L4xx_HAL_Driver/Src/stm32l4xx_hal_flash.o
LOAD ./Drivers/STM32L4xx_HAL_Driver/Src/stm32l4xx_hal_flash_ex.o
LOAD ./Drivers/STM32L4xx_HAL_Driver/Src/stm32l4xx_hal_flash_ramfunc.o
LOAD ./Drivers/STM32L4xx_HAL_Driver/Src/stm32l4xx_hal_gpio.o
LOAD ./Drivers/STM32L4xx_HAL_Driver/Src/stm32l4xx_hal_i2c.o
LOAD ./Drivers/STM32L4xx_HAL_Driver/Src/stm32l4xx_hal_i2c_ex.o
LOAD ./Drivers/STM32L4xx_HAL_Driver/Src/stm32l4xx_hal_pwr.o
LOAD ./Drivers/STM32L4xx_HAL_Driver/Src/stm32l4xx_hal_pwr_ex.o
LOAD ./Drivers/STM32L4xx_HAL_Driver/Src/stm32l4xx_hal_rcc.o
LOAD ./Drivers/STM32L4xx_HAL_Driver/Src/stm32l4xx_hal_rcc_ex.o
LOAD ./Drivers/STM32L4xx_HAL_Driver/Src/stm32l4xx_hal_tim.o
LOAD ./Drivers/STM32L4xx_HAL_Driver/Src/stm32l4xx_hal_tim_ex.o
LOAD ./Drivers/STM32L4xx_HAL_Driver/Src/stm32l4xx_hal_uart.o
LOAD ./Drivers/STM32L4xx_HAL_Driver/Src/stm32l4xx_hal_uart_ex.o
START GROUP
LOAD c:/st/stm32cubeide_1.11.0/stm32cubeide/plugins/com.st.stm32cube.ide.mcu.externaltools.gnu-tools-for-stm32.10.3-2021.10.win32_1.0.200.202301161003/tools/bin/../lib/gcc/arm-none-eabi/10.3.1/../../../../arm-none-eabi/lib/thumb/v7e-m+fp/hard\libc_nano.a
LOAD c:/st/stm32cubeide_1.11.0/stm32cubeide/plugins/com.st.stm32cube.ide.mcu.externaltools.gnu-tools-for-stm32.10.3-2021.10.win32_1.0.200.202301161003/tools/bin/../lib/gcc/arm-none-eabi/10.3.1/../../../../arm-none-eabi/lib/thumb/v7e-m+fp/hard\libm.a
END GROUP
START GROUP
LOAD c:/st/stm32cubeide_1.11.0/stm32cubeide/plugins/com.st.stm32cube.ide.mcu.externaltools.gnu-tools-for-stm32.10.3-2021.10.win32_1.0.200.202301161003/tools/bin/../lib/gcc/arm-none-eabi/10.3.1/thumb/v7e-m+fp/hard\libgcc.a
LOAD c:/st/stm32cubeide_1.11.0/stm32cubeide/plugins/com.st.stm32cube.ide.mcu.externaltools.gnu-tools-for-stm32.10.3-2021.10.win32_1.0.200.202301161003/tools/bin/../lib/gcc/arm-none-eabi/10.3.1/../../../../arm-none-eabi/lib/thumb/v7e-m+fp/hard\libc_nano.a
END GROUP
START GROUP
LOAD c:/st/stm32cubeide_1.11.0/stm32cubeide/plugins/com.st.stm32cube.ide.mcu.externaltools.gnu-tools-for-stm32.10.3-2021.10.win32_1.0.200.202301161003/tools/bin/../lib/gcc/arm-none-eabi/10.3.1/thumb/v7e-m+fp/hard\libgcc.a
LOAD c:/st/stm32cubeide_1.11.0/stm32cubeide/plugins/com.st.stm32cube.ide.mcu.externaltools.gnu-tools-for-stm32.10.3-2021.10.win32_1.0.200.202301161003/tools/bin/../lib/gcc/arm-none-eabi/10.3.1/../../../../arm-none-eabi/lib/thumb/v7e-m+fp/hard\libc_nano.a
LOAD c:/st/stm32cubeide_1.11.0/stm32cubeide/plugins/com.st.stm32cube.ide.mcu.externaltools.gnu-tools-for-stm32.10.3-2021.10.win32_1.0.200.202301161003/tools/bin/../lib/gcc/arm-none-eabi/10.3.1/../../../../arm-none-eabi/lib/thumb/v7e-m+fp/hard\libnosys.a
END GROUP
START GROUP
LOAD c:/st/stm32cubeide_1.11.0/stm32cubeide/plugins/com.st.stm32cube.ide.mcu.externaltools.gnu-tools-for-stm32.10.3-2021.10.win32_1.0.200.202301161003/tools/bin/../lib/gcc/arm-none-eabi/10.3.1/thumb/v7e-m+fp/hard\libgcc.a
LOAD c:/st/stm32cubeide_1.11.0/stm32cubeide/plugins/com.st.stm32cube.ide.mcu.externaltools.gnu-tools-for-stm32.10.3-2021.10.win32_1.0.200.202301161003/tools/bin/../lib/gcc/arm-none-eabi/10.3.1/../../../../arm-none-eabi/lib/thumb/v7e-m+fp/hard\libc_nano.a
LOAD c:/st/stm32cubeide_1.11.0/stm32cubeide/plugins/com.st.stm32cube.ide.mcu.externaltools.gnu-tools-for-stm32.10.3-2021.10.win32_1.0.200.202301161003/tools/bin/../lib/gcc/arm-none-eabi/10.3.1/../../../../arm-none-eabi/lib/thumb/v7e-m+fp/hard\libnosys.a
END GROUP
LOAD c:/st/stm32cubeide_1.11.0/stm32cubeide/plugins/com.st.stm32cube.ide.mcu.externaltools.gnu-tools-for-stm32.10.3-2021.10.win32_1.0.200.202301161003/tools/bin/../lib/gcc/arm-none-eabi/10.3.1/thumb/v7e-m+fp/hard/crtend.o
LOAD c:/st/stm32cubeide_1.11.0/stm32cubeide/plugins/com.st.stm32cube.ide.mcu.externaltools.gnu-tools-for-stm32.10.3-2021.10.win32_1.0.200.202301161003/tools/bin/../lib/gcc/arm-none-eabi/10.3.1/thumb/v7e-m+fp/hard/crtn.o
                0x0000000020010000                _estack = (ORIGIN (RAM) + LENGTH (RAM))
                0x0000000000000200                _Min_Heap_Size = 0x200
                0x0000000000000400                _Min_Stack_Size = 0x400

.isr_vector     0x0000000008000000      0x18c
                0x0000000008000000                . = ALIGN (0x4)
 *(.isr_vector)
 .isr_vector    0x0000000008000000      0x18c ./Core/Startup/startup_stm32l432kcux.o
                0x0000000008000000                g_pfnVectors
                0x000000000800018c                . = ALIGN (0x4)

.text           0x000000000800018c     0x3b0c
                0x000000000800018c                . = ALIGN (0x4)
 *(.text)
 .text          0x000000000800018c       0x40 c:/st/stm32cubeide_1.11.0/stm32cubeide/plugins/com.st.stm32cube.ide.mcu.externaltools.gnu-tools-for-stm32.10.3-2021.10.win32_1.0.200.202301161003/tools/bin/../lib/gcc/arm-none-eabi/10.3.1/thumb/v7e-m+fp/hard/crtbegin.o
 .text          0x00000000080001cc       0x30 c:/st/stm32cubeide_1.11.0/stm32cubeide/plugins/com.st.stm32cube.ide.mcu.externaltools.gnu-tools-for-stm32.10.3-2021.10.win32_1.0.200.202301161003/tools/bin/../lib/gcc/arm-none-eabi/10.3.1/thumb/v7e-m+fp/hard\libgcc.a(_aeabi_uldivmod.o)
                0x00000000080001cc                __aeabi_uldivmod
 .text          0x00000000080001fc      0x2d0 c:/st/stm32cubeide_1.11.0/stm32cubeide/plugins/com.st.stm32cube.ide.mcu.externaltools.gnu-tools-for-stm32.10.3-2021.10.win32_1.0.200.202301161003/tools/bin/../lib/gcc/arm-none-eabi/10.3.1/thumb/v7e-m+fp/hard\libgcc.a(_udivmoddi4.o)
                0x00000000080001fc                __udivmoddi4
 .text          0x00000000080004cc        0x4 c:/st/stm32cubeide_1.11.0/stm32cubeide/plugins/com.st.stm32cube.ide.mcu.externaltools.gnu-tools-for-stm32.10.3-2021.10.win32_1.0.200.202301161003/tools/bin/../lib/gcc/arm-none-eabi/10.3.1/thumb/v7e-m+fp/hard\libgcc.a(_dvmd_tls.o)
                0x00000000080004cc                __aeabi_idiv0
                0x00000000080004cc                __aeabi_ldiv0
 *(.text*)
 .text.main     0x00000000080004d0       0xd4 ./Core/Src/main.o
                0x00000000080004d0                main
 .text.SystemClock_Config
                0x00000000080005a4       0xc4 ./Core/Src/main.o
                0x00000000080005a4                SystemClock_Config
 .text.MX_I2C1_Init
                0x0000000008000668       0x80 ./Core/Src/main.o
 .text.MX_USART2_UART_Init
                0x00000000080006e8       0x60 ./Core/Src/main.o
 .text.MX_GPIO_Init
                0x0000000008000748       0xac ./Core/Src/main.o
 .text.Error_Handler
                0x00000000080007f4        0xa ./Core/Src/main.o
                0x00000000080007f4                Error_Handler
 *fill*         0x00000000080007fe        0x2 
 .text.SSD1306_Init
                0x0000000008000800      0x188 ./Core/Src/ssd1306.o
                0x0000000008000800                SSD1306_Init
 .text.SSD1306_UpdateScreen
                0x0000000008000988       0x5c ./Core/Src/ssd1306.o
                0x0000000008000988                SSD1306_UpdateScreen
 .text.SSD1306_Fill
                0x00000000080009e4       0x30 ./Core/Src/ssd1306.o
                0x00000000080009e4                SSD1306_Fill
 .text.SSD1306_DrawPixel
                0x0000000008000a14       0xc0 ./Core/Src/ssd1306.o
                0x0000000008000a14                SSD1306_DrawPixel
 .text.SSD1306_GotoXY
                0x0000000008000ad4       0x2c ./Core/Src/ssd1306.o
                0x0000000008000ad4                SSD1306_GotoXY
 .text.SSD1306_Putc
                0x0000000008000b00      0x100 ./Core/Src/ssd1306.o
                0x0000000008000b00                SSD1306_Putc
 .text.SSD1306_Puts
                0x0000000008000c00       0x4a ./Core/Src/ssd1306.o
                0x0000000008000c00                SSD1306_Puts
 *fill*         0x0000000008000c4a        0x2 
 .text.ssd1306_I2C_Init
                0x0000000008000c4c       0x2c ./Core/Src/ssd1306.o
                0x0000000008000c4c                ssd1306_I2C_Init
 .text.ssd1306_I2C_WriteMulti
                0x0000000008000c78       0xcc ./Core/Src/ssd1306.o
                0x0000000008000c78                ssd1306_I2C_WriteMulti
 .text.ssd1306_I2C_Write
                0x0000000008000d44       0x3c ./Core/Src/ssd1306.o
                0x0000000008000d44                ssd1306_I2C_Write
 .text.HAL_MspInit
                0x0000000008000d80       0x48 ./Core/Src/stm32l4xx_hal_msp.o
                0x0000000008000d80                HAL_MspInit
 .text.HAL_I2C_MspInit
                0x0000000008000dc8       0xb0 ./Core/Src/stm32l4xx_hal_msp.o
                0x0000000008000dc8                HAL_I2C_MspInit
 .text.HAL_UART_MspInit
                0x0000000008000e78       0xd4 ./Core/Src/stm32l4xx_hal_msp.o
                0x0000000008000e78                HAL_UART_MspInit
 .text.NMI_Handler
                0x0000000008000f4c        0x6 ./Core/Src/stm32l4xx_it.o
                0x0000000008000f4c                NMI_Handler
 .text.HardFault_Handler
                0x0000000008000f52        0x6 ./Core/Src/stm32l4xx_it.o
                0x0000000008000f52                HardFault_Handler
 .text.MemManage_Handler
                0x0000000008000f58        0x6 ./Core/Src/stm32l4xx_it.o
                0x0000000008000f58                MemManage_Handler
 .text.BusFault_Handler
                0x0000000008000f5e        0x6 ./Core/Src/stm32l4xx_it.o
                0x0000000008000f5e                BusFault_Handler
 .text.UsageFault_Handler
                0x0000000008000f64        0x6 ./Core/Src/stm32l4xx_it.o
                0x0000000008000f64                UsageFault_Handler
 .text.SVC_Handler
                0x0000000008000f6a        0xe ./Core/Src/stm32l4xx_it.o
                0x0000000008000f6a                SVC_Handler
 .text.DebugMon_Handler
                0x0000000008000f78        0xe ./Core/Src/stm32l4xx_it.o
                0x0000000008000f78                DebugMon_Handler
 .text.PendSV_Handler
                0x0000000008000f86        0xe ./Core/Src/stm32l4xx_it.o
                0x0000000008000f86                PendSV_Handler
 .text.SysTick_Handler
                0x0000000008000f94        0xc ./Core/Src/stm32l4xx_it.o
                0x0000000008000f94                SysTick_Handler
 .text.SystemInit
                0x0000000008000fa0       0x24 ./Core/Src/system_stm32l4xx.o
                0x0000000008000fa0                SystemInit
 .text.Reset_Handler
                0x0000000008000fc4       0x50 ./Core/Startup/startup_stm32l432kcux.o
                0x0000000008000fc4                Reset_Handler
 .text.Default_Handler
                0x0000000008001014        0x2 ./Core/Startup/startup_stm32l432kcux.o
                0x0000000008001014                RTC_Alarm_IRQHandler
                0x0000000008001014                EXTI2_IRQHandler
                0x0000000008001014                TIM1_CC_IRQHandler
                0x0000000008001014                TSC_IRQHandler
                0x0000000008001014                TAMP_STAMP_IRQHandler
                0x0000000008001014                EXTI3_IRQHandler
                0x0000000008001014                LPTIM2_IRQHandler
                0x0000000008001014                I2C3_ER_IRQHandler
                0x0000000008001014                EXTI0_IRQHandler
                0x0000000008001014                CAN1_RX0_IRQHandler
                0x0000000008001014                FPU_IRQHandler
                0x0000000008001014                TIM1_UP_TIM16_IRQHandler
                0x0000000008001014                SPI1_IRQHandler
                0x0000000008001014                TIM6_DAC_IRQHandler
                0x0000000008001014                DMA2_Channel2_IRQHandler
                0x0000000008001014                DMA1_Channel4_IRQHandler
                0x0000000008001014                ADC1_IRQHandler
                0x0000000008001014                DMA1_Channel7_IRQHandler
                0x0000000008001014                CAN1_RX1_IRQHandler
                0x0000000008001014                DMA2_Channel1_IRQHandler
                0x0000000008001014                QUADSPI_IRQHandler
                0x0000000008001014                I2C1_EV_IRQHandler
                0x0000000008001014                DMA1_Channel6_IRQHandler
                0x0000000008001014                DMA2_Channel4_IRQHandler
                0x0000000008001014                RCC_IRQHandler
                0x0000000008001014                TIM1_TRG_COM_IRQHandler
                0x0000000008001014                DMA1_Channel1_IRQHandler
                0x0000000008001014                Default_Handler
                0x0000000008001014                DMA2_Channel7_IRQHandler
                0x0000000008001014                EXTI15_10_IRQHandler
                0x0000000008001014                TIM7_IRQHandler
                0x0000000008001014                I2C3_EV_IRQHandler
                0x0000000008001014                USB_IRQHandler
                0x0000000008001014                EXTI9_5_IRQHandler
                0x0000000008001014                RTC_WKUP_IRQHandler
                0x0000000008001014                PVD_PVM_IRQHandler
                0x0000000008001014                CAN1_TX_IRQHandler
                0x0000000008001014                DMA2_Channel5_IRQHandler
                0x0000000008001014                CRS_IRQHandler
                0x0000000008001014                DMA1_Channel5_IRQHandler
                0x0000000008001014                EXTI4_IRQHandler
                0x0000000008001014                RNG_IRQHandler
                0x0000000008001014                DMA1_Channel3_IRQHandler
                0x0000000008001014                COMP_IRQHandler
                0x0000000008001014                WWDG_IRQHandler
                0x0000000008001014                LPUART1_IRQHandler
                0x0000000008001014                DMA2_Channel6_IRQHandler
                0x0000000008001014                TIM2_IRQHandler
                0x0000000008001014                EXTI1_IRQHandler
                0x0000000008001014                USART2_IRQHandler
                0x0000000008001014                DMA1_Channel2_IRQHandler
                0x0000000008001014                CAN1_SCE_IRQHandler
                0x0000000008001014                FLASH_IRQHandler
                0x0000000008001014                USART1_IRQHandler
                0x0000000008001014                SPI3_IRQHandler
                0x0000000008001014                I2C1_ER_IRQHandler
                0x0000000008001014                SWPMI1_IRQHandler
                0x0000000008001014                LPTIM1_IRQHandler
                0x0000000008001014                SAI1_IRQHandler
                0x0000000008001014                DMA2_Channel3_IRQHandler
                0x0000000008001014                TIM1_BRK_TIM15_IRQHandler
 .text.HAL_Init
                0x0000000008001016       0x30 ./Drivers/STM32L4xx_HAL_Driver/Src/stm32l4xx_hal.o
                0x0000000008001016                HAL_Init
 *fill*         0x0000000008001046        0x2 
 .text.HAL_InitTick
                0x0000000008001048       0x78 ./Drivers/STM32L4xx_HAL_Driver/Src/stm32l4xx_hal.o
                0x0000000008001048                HAL_InitTick
 .text.HAL_IncTick
                0x00000000080010c0       0x28 ./Drivers/STM32L4xx_HAL_Driver/Src/stm32l4xx_hal.o
                0x00000000080010c0                HAL_IncTick
 .text.HAL_GetTick
                0x00000000080010e8       0x18 ./Drivers/STM32L4xx_HAL_Driver/Src/stm32l4xx_hal.o
                0x00000000080010e8                HAL_GetTick
 .text.HAL_Delay
                0x0000000008001100       0x48 ./Drivers/STM32L4xx_HAL_Driver/Src/stm32l4xx_hal.o
                0x0000000008001100                HAL_Delay
 .text.__NVIC_SetPriorityGrouping
                0x0000000008001148       0x48 ./Drivers/STM32L4xx_HAL_Driver/Src/stm32l4xx_hal_cortex.o
 .text.__NVIC_GetPriorityGrouping
                0x0000000008001190       0x1c ./Drivers/STM32L4xx_HAL_Driver/Src/stm32l4xx_hal_cortex.o
 .text.__NVIC_SetPriority
                0x00000000080011ac       0x54 ./Drivers/STM32L4xx_HAL_Driver/Src/stm32l4xx_hal_cortex.o
 .text.NVIC_EncodePriority
                0x0000000008001200       0x66 ./Drivers/STM32L4xx_HAL_Driver/Src/stm32l4xx_hal_cortex.o
 *fill*         0x0000000008001266        0x2 
 .text.SysTick_Config
                0x0000000008001268       0x44 ./Drivers/STM32L4xx_HAL_Driver/Src/stm32l4xx_hal_cortex.o
 .text.HAL_NVIC_SetPriorityGrouping
                0x00000000080012ac       0x16 ./Drivers/STM32L4xx_HAL_Driver/Src/stm32l4xx_hal_cortex.o
                0x00000000080012ac                HAL_NVIC_SetPriorityGrouping
 .text.HAL_NVIC_SetPriority
                0x00000000080012c2       0x38 ./Drivers/STM32L4xx_HAL_Driver/Src/stm32l4xx_hal_cortex.o
                0x00000000080012c2                HAL_NVIC_SetPriority
 .text.HAL_SYSTICK_Config
                0x00000000080012fa       0x18 ./Drivers/STM32L4xx_HAL_Driver/Src/stm32l4xx_hal_cortex.o
                0x00000000080012fa                HAL_SYSTICK_Config
 *fill*         0x0000000008001312        0x2 
 .text.HAL_GPIO_Init
                0x0000000008001314      0x2d4 ./Drivers/STM32L4xx_HAL_Driver/Src/stm32l4xx_hal_gpio.o
                0x0000000008001314                HAL_GPIO_Init
 .text.HAL_GPIO_ReadPin
                0x00000000080015e8       0x30 ./Drivers/STM32L4xx_HAL_Driver/Src/stm32l4xx_hal_gpio.o
                0x00000000080015e8                HAL_GPIO_ReadPin
 .text.HAL_GPIO_WritePin
                0x0000000008001618       0x30 ./Drivers/STM32L4xx_HAL_Driver/Src/stm32l4xx_hal_gpio.o
                0x0000000008001618                HAL_GPIO_WritePin
 .text.HAL_I2C_Init
                0x0000000008001648      0x11e ./Drivers/STM32L4xx_HAL_Driver/Src/stm32l4xx_hal_i2c.o
                0x0000000008001648                HAL_I2C_Init
 *fill*         0x0000000008001766        0x2 
 .text.HAL_I2C_Master_Transmit
                0x0000000008001768      0x1e8 ./Drivers/STM32L4xx_HAL_Driver/Src/stm32l4xx_hal_i2c.o
                0x0000000008001768                HAL_I2C_Master_Transmit
 .text.HAL_I2C_IsDeviceReady
                0x0000000008001950      0x20e ./Drivers/STM32L4xx_HAL_Driver/Src/stm32l4xx_hal_i2c.o
                0x0000000008001950                HAL_I2C_IsDeviceReady
 .text.I2C_Flush_TXDR
                0x0000000008001b5e       0x48 ./Drivers/STM32L4xx_HAL_Driver/Src/stm32l4xx_hal_i2c.o
 .text.I2C_WaitOnFlagUntilTimeout
                0x0000000008001ba6       0x80 ./Drivers/STM32L4xx_HAL_Driver/Src/stm32l4xx_hal_i2c.o
 .text.I2C_WaitOnTXISFlagUntilTimeout
                0x0000000008001c26       0x80 ./Drivers/STM32L4xx_HAL_Driver/Src/stm32l4xx_hal_i2c.o
 .text.I2C_WaitOnSTOPFlagUntilTimeout
                0x0000000008001ca6       0x78 ./Drivers/STM32L4xx_HAL_Driver/Src/stm32l4xx_hal_i2c.o
 *fill*         0x0000000008001d1e        0x2 
 .text.I2C_IsErrorOccurred
                0x0000000008001d20      0x1d8 ./Drivers/STM32L4xx_HAL_Driver/Src/stm32l4xx_hal_i2c.o
 .text.I2C_TransferConfig
                0x0000000008001ef8       0x64 ./Drivers/STM32L4xx_HAL_Driver/Src/stm32l4xx_hal_i2c.o
 .text.HAL_I2CEx_ConfigAnalogFilter
                0x0000000008001f5c       0x96 ./Drivers/STM32L4xx_HAL_Driver/Src/stm32l4xx_hal_i2c_ex.o
                0x0000000008001f5c                HAL_I2CEx_ConfigAnalogFilter
 .text.HAL_I2CEx_ConfigDigitalFilter
                0x0000000008001ff2       0x98 ./Drivers/STM32L4xx_HAL_Driver/Src/stm32l4xx_hal_i2c_ex.o
                0x0000000008001ff2                HAL_I2CEx_ConfigDigitalFilter
 *fill*         0x000000000800208a        0x2 
 .text.HAL_PWR_EnableBkUpAccess
                0x000000000800208c       0x20 ./Drivers/STM32L4xx_HAL_Driver/Src/stm32l4xx_hal_pwr.o
                0x000000000800208c                HAL_PWR_EnableBkUpAccess
 .text.HAL_PWREx_GetVoltageRange
                0x00000000080020ac       0x1c ./Drivers/STM32L4xx_HAL_Driver/Src/stm32l4xx_hal_pwr_ex.o
                0x00000000080020ac                HAL_PWREx_GetVoltageRange
 .text.HAL_PWREx_ControlVoltageScaling
                0x00000000080020c8       0xac ./Drivers/STM32L4xx_HAL_Driver/Src/stm32l4xx_hal_pwr_ex.o
                0x00000000080020c8                HAL_PWREx_ControlVoltageScaling
 .text.HAL_RCC_OscConfig
                0x0000000008002174      0x828 ./Drivers/STM32L4xx_HAL_Driver/Src/stm32l4xx_hal_rcc.o
                0x0000000008002174                HAL_RCC_OscConfig
 .text.HAL_RCC_ClockConfig
                0x000000000800299c      0x200 ./Drivers/STM32L4xx_HAL_Driver/Src/stm32l4xx_hal_rcc.o
                0x000000000800299c                HAL_RCC_ClockConfig
 .text.HAL_RCC_GetSysClockFreq
                0x0000000008002b9c      0x118 ./Drivers/STM32L4xx_HAL_Driver/Src/stm32l4xx_hal_rcc.o
                0x0000000008002b9c                HAL_RCC_GetSysClockFreq
 .text.HAL_RCC_GetHCLKFreq
                0x0000000008002cb4       0x18 ./Drivers/STM32L4xx_HAL_Driver/Src/stm32l4xx_hal_rcc.o
                0x0000000008002cb4                HAL_RCC_GetHCLKFreq
 .text.HAL_RCC_GetPCLK1Freq
                0x0000000008002ccc       0x2c ./Drivers/STM32L4xx_HAL_Driver/Src/stm32l4xx_hal_rcc.o
                0x0000000008002ccc                HAL_RCC_GetPCLK1Freq
 .text.HAL_RCC_GetPCLK2Freq
                0x0000000008002cf8       0x2c ./Drivers/STM32L4xx_HAL_Driver/Src/stm32l4xx_hal_rcc.o
                0x0000000008002cf8                HAL_RCC_GetPCLK2Freq
 .text.RCC_SetFlashLatencyFromMSIRange
                0x0000000008002d24       0xc0 ./Drivers/STM32L4xx_HAL_Driver/Src/stm32l4xx_hal_rcc.o
 .text.HAL_RCCEx_PeriphCLKConfig
                0x0000000008002de4      0x3ec ./Drivers/STM32L4xx_HAL_Driver/Src/stm32l4xx_hal_rcc_ex.o
                0x0000000008002de4                HAL_RCCEx_PeriphCLKConfig
 .text.HAL_RCCEx_EnableMSIPLLMode
                0x00000000080031d0       0x20 ./Drivers/STM32L4xx_HAL_Driver/Src/stm32l4xx_hal_rcc_ex.o
                0x00000000080031d0                HAL_RCCEx_EnableMSIPLLMode
 .text.RCCEx_PLLSAI1_Config
                0x00000000080031f0      0x1e4 ./Drivers/STM32L4xx_HAL_Driver/Src/stm32l4xx_hal_rcc_ex.o
 .text.HAL_UART_Init
                0x00000000080033d4       0x9c ./Drivers/STM32L4xx_HAL_Driver/Src/stm32l4xx_hal_uart.o
                0x00000000080033d4                HAL_UART_Init
 .text.UART_SetConfig
                0x0000000008003470      0x458 ./Drivers/STM32L4xx_HAL_Driver/Src/stm32l4xx_hal_uart.o
                0x0000000008003470                UART_SetConfig
 .text.UART_AdvFeatureConfig
                0x00000000080038c8      0x144 ./Drivers/STM32L4xx_HAL_Driver/Src/stm32l4xx_hal_uart.o
                0x00000000080038c8                UART_AdvFeatureConfig
 .text.UART_CheckIdleState
                0x0000000008003a0c       0x92 ./Drivers/STM32L4xx_HAL_Driver/Src/stm32l4xx_hal_uart.o
                0x0000000008003a0c                UART_CheckIdleState
 .text.UART_WaitOnFlagUntilTimeout
                0x0000000008003a9e      0x188 ./Drivers/STM32L4xx_HAL_Driver/Src/stm32l4xx_hal_uart.o
                0x0000000008003a9e                UART_WaitOnFlagUntilTimeout
 *fill*         0x0000000008003c26        0x2 
 .text.__libc_init_array
                0x0000000008003c28       0x48 c:/st/stm32cubeide_1.11.0/stm32cubeide/plugins/com.st.stm32cube.ide.mcu.externaltools.gnu-tools-for-stm32.10.3-2021.10.win32_1.0.200.202301161003/tools/bin/../lib/gcc/arm-none-eabi/10.3.1/../../../../arm-none-eabi/lib/thumb/v7e-m+fp/hard\libc_nano.a(lib_a-init.o)
                0x0000000008003c28                __libc_init_array
 .text.memset   0x0000000008003c70       0x10 c:/st/stm32cubeide_1.11.0/stm32cubeide/plugins/com.st.stm32cube.ide.mcu.externaltools.gnu-tools-for-stm32.10.3-2021.10.win32_1.0.200.202301161003/tools/bin/../lib/gcc/arm-none-eabi/10.3.1/../../../../arm-none-eabi/lib/thumb/v7e-m+fp/hard\libc_nano.a(lib_a-memset.o)
                0x0000000008003c70                memset
 *(.glue_7)
 .glue_7        0x0000000008003c80        0x0 linker stubs
 *(.glue_7t)
 .glue_7t       0x0000000008003c80        0x0 linker stubs
 *(.eh_frame)
 .eh_frame      0x0000000008003c80        0x0 c:/st/stm32cubeide_1.11.0/stm32cubeide/plugins/com.st.stm32cube.ide.mcu.externaltools.gnu-tools-for-stm32.10.3-2021.10.win32_1.0.200.202301161003/tools/bin/../lib/gcc/arm-none-eabi/10.3.1/thumb/v7e-m+fp/hard/crtbegin.o
 *(.init)
 .init          0x0000000008003c80        0x4 c:/st/stm32cubeide_1.11.0/stm32cubeide/plugins/com.st.stm32cube.ide.mcu.externaltools.gnu-tools-for-stm32.10.3-2021.10.win32_1.0.200.202301161003/tools/bin/../lib/gcc/arm-none-eabi/10.3.1/thumb/v7e-m+fp/hard/crti.o
                0x0000000008003c80                _init
 .init          0x0000000008003c84        0x8 c:/st/stm32cubeide_1.11.0/stm32cubeide/plugins/com.st.stm32cube.ide.mcu.externaltools.gnu-tools-for-stm32.10.3-2021.10.win32_1.0.200.202301161003/tools/bin/../lib/gcc/arm-none-eabi/10.3.1/thumb/v7e-m+fp/hard/crtn.o
 *(.fini)
 .fini          0x0000000008003c8c        0x4 c:/st/stm32cubeide_1.11.0/stm32cubeide/plugins/com.st.stm32cube.ide.mcu.externaltools.gnu-tools-for-stm32.10.3-2021.10.win32_1.0.200.202301161003/tools/bin/../lib/gcc/arm-none-eabi/10.3.1/thumb/v7e-m+fp/hard/crti.o
                0x0000000008003c8c                _fini
 .fini          0x0000000008003c90        0x8 c:/st/stm32cubeide_1.11.0/stm32cubeide/plugins/com.st.stm32cube.ide.mcu.externaltools.gnu-tools-for-stm32.10.3-2021.10.win32_1.0.200.202301161003/tools/bin/../lib/gcc/arm-none-eabi/10.3.1/thumb/v7e-m+fp/hard/crtn.o
                0x0000000008003c98                . = ALIGN (0x4)
                0x0000000008003c98                _etext = .

.vfp11_veneer   0x0000000008003c98        0x0
 .vfp11_veneer  0x0000000008003c98        0x0 linker stubs

.v4_bx          0x0000000008003c98        0x0
 .v4_bx         0x0000000008003c98        0x0 linker stubs

.iplt           0x0000000008003c98        0x0
 .iplt          0x0000000008003c98        0x0 c:/st/stm32cubeide_1.11.0/stm32cubeide/plugins/com.st.stm32cube.ide.mcu.externaltools.gnu-tools-for-stm32.10.3-2021.10.win32_1.0.200.202301161003/tools/bin/../lib/gcc/arm-none-eabi/10.3.1/thumb/v7e-m+fp/hard/crtbegin.o

.rodata         0x0000000008003c98      0xdc4
                0x0000000008003c98                . = ALIGN (0x4)
 *(.rodata)
 .rodata        0x0000000008003c98       0x1d ./Core/Src/main.o
 *(.rodata*)
 *fill*         0x0000000008003cb5        0x3 
 .rodata.Font11x18
                0x0000000008003cb8      0xd5c ./Core/Src/fonts.o
                0x0000000008003cb8                Font11x18
 .rodata.AHBPrescTable
                0x0000000008004a14       0x10 ./Core/Src/system_stm32l4xx.o
                0x0000000008004a14                AHBPrescTable
 .rodata.APBPrescTable
                0x0000000008004a24        0x8 ./Core/Src/system_stm32l4xx.o
                0x0000000008004a24                APBPrescTable
 .rodata.MSIRangeTable
                0x0000000008004a2c       0x30 ./Core/Src/system_stm32l4xx.o
                0x0000000008004a2c                MSIRangeTable
                0x0000000008004a5c                . = ALIGN (0x4)

.ARM.extab      0x0000000008004a5c        0x0
                0x0000000008004a5c                . = ALIGN (0x4)
 *(.ARM.extab* .gnu.linkonce.armextab.*)
                0x0000000008004a5c                . = ALIGN (0x4)

.ARM            0x0000000008004a5c        0x8
                0x0000000008004a5c                . = ALIGN (0x4)
                0x0000000008004a5c                __exidx_start = .
 *(.ARM.exidx*)
 .ARM.exidx     0x0000000008004a5c        0x8 c:/st/stm32cubeide_1.11.0/stm32cubeide/plugins/com.st.stm32cube.ide.mcu.externaltools.gnu-tools-for-stm32.10.3-2021.10.win32_1.0.200.202301161003/tools/bin/../lib/gcc/arm-none-eabi/10.3.1/thumb/v7e-m+fp/hard\libgcc.a(_udivmoddi4.o)
                0x0000000008004a64                __exidx_end = .
                0x0000000008004a64                . = ALIGN (0x4)

.rel.dyn        0x0000000008004a64        0x0
 .rel.iplt      0x0000000008004a64        0x0 c:/st/stm32cubeide_1.11.0/stm32cubeide/plugins/com.st.stm32cube.ide.mcu.externaltools.gnu-tools-for-stm32.10.3-2021.10.win32_1.0.200.202301161003/tools/bin/../lib/gcc/arm-none-eabi/10.3.1/thumb/v7e-m+fp/hard/crtbegin.o

.preinit_array  0x0000000008004a64        0x0
                0x0000000008004a64                . = ALIGN (0x4)
                0x0000000008004a64                PROVIDE (__preinit_array_start = .)
 *(.preinit_array*)
                0x0000000008004a64                PROVIDE (__preinit_array_end = .)
                0x0000000008004a64                . = ALIGN (0x4)

.init_array     0x0000000008004a64        0x4
                0x0000000008004a64                . = ALIGN (0x4)
                0x0000000008004a64                PROVIDE (__init_array_start = .)
 *(SORT_BY_NAME(.init_array.*))
 *(.init_array*)
 .init_array    0x0000000008004a64        0x4 c:/st/stm32cubeide_1.11.0/stm32cubeide/plugins/com.st.stm32cube.ide.mcu.externaltools.gnu-tools-for-stm32.10.3-2021.10.win32_1.0.200.202301161003/tools/bin/../lib/gcc/arm-none-eabi/10.3.1/thumb/v7e-m+fp/hard/crtbegin.o
                0x0000000008004a68                PROVIDE (__init_array_end = .)
                0x0000000008004a68                . = ALIGN (0x4)

.fini_array     0x0000000008004a68        0x4
                0x0000000008004a68                . = ALIGN (0x4)
                [!provide]                        PROVIDE (__fini_array_start = .)
 *(SORT_BY_NAME(.fini_array.*))
 *(.fini_array*)
 .fini_array    0x0000000008004a68        0x4 c:/st/stm32cubeide_1.11.0/stm32cubeide/plugins/com.st.stm32cube.ide.mcu.externaltools.gnu-tools-for-stm32.10.3-2021.10.win32_1.0.200.202301161003/tools/bin/../lib/gcc/arm-none-eabi/10.3.1/thumb/v7e-m+fp/hard/crtbegin.o
                [!provide]                        PROVIDE (__fini_array_end = .)
                0x0000000008004a6c                . = ALIGN (0x4)
                0x0000000008004a6c                _sidata = LOADADDR (.data)

.data           0x0000000020000000       0x14 load address 0x0000000008004a6c
                0x0000000020000000                . = ALIGN (0x4)
                0x0000000020000000                _sdata = .
 *(.data)
 *(.data*)
 .data.Font_11x18
                0x0000000020000000        0x8 ./Core/Src/fonts.o
                0x0000000020000000                Font_11x18
 .data.SystemCoreClock
                0x0000000020000008        0x4 ./Core/Src/system_stm32l4xx.o
                0x0000000020000008                SystemCoreClock
 .data.uwTickPrio
                0x000000002000000c        0x4 ./Drivers/STM32L4xx_HAL_Driver/Src/stm32l4xx_hal.o
                0x000000002000000c                uwTickPrio
 .data.uwTickFreq
                0x0000000020000010        0x1 ./Drivers/STM32L4xx_HAL_Driver/Src/stm32l4xx_hal.o
                0x0000000020000010                uwTickFreq
 *(.RamFunc)
 *(.RamFunc*)
                0x0000000020000014                . = ALIGN (0x4)
 *fill*         0x0000000020000011        0x3 
                0x0000000020000014                _edata = .

.igot.plt       0x0000000020000014        0x0 load address 0x0000000008004a80
 .igot.plt      0x0000000020000014        0x0 c:/st/stm32cubeide_1.11.0/stm32cubeide/plugins/com.st.stm32cube.ide.mcu.externaltools.gnu-tools-for-stm32.10.3-2021.10.win32_1.0.200.202301161003/tools/bin/../lib/gcc/arm-none-eabi/10.3.1/thumb/v7e-m+fp/hard/crtbegin.o
                0x0000000020000014                . = ALIGN (0x4)

.bss            0x0000000020000014      0x500 load address 0x0000000008004a80
                0x0000000020000014                _sbss = .
                0x0000000020000014                __bss_start__ = _sbss
 *(.bss)
 .bss           0x0000000020000014       0x1c c:/st/stm32cubeide_1.11.0/stm32cubeide/plugins/com.st.stm32cube.ide.mcu.externaltools.gnu-tools-for-stm32.10.3-2021.10.win32_1.0.200.202301161003/tools/bin/../lib/gcc/arm-none-eabi/10.3.1/thumb/v7e-m+fp/hard/crtbegin.o
 *(.bss*)
 .bss.hi2c1     0x0000000020000030       0x54 ./Core/Src/main.o
                0x0000000020000030                hi2c1
 .bss.huart2    0x0000000020000084       0x84 ./Core/Src/main.o
                0x0000000020000084                huart2
 .bss.SSD1306_Buffer
                0x0000000020000108      0x400 ./Core/Src/ssd1306.o
 .bss.SSD1306   0x0000000020000508        0x6 ./Core/Src/ssd1306.o
 *fill*         0x000000002000050e        0x2 
 .bss.uwTick    0x0000000020000510        0x4 ./Drivers/STM32L4xx_HAL_Driver/Src/stm32l4xx_hal.o
                0x0000000020000510                uwTick
 *(COMMON)
                0x0000000020000514                . = ALIGN (0x4)
                0x0000000020000514                _ebss = .
                0x0000000020000514                __bss_end__ = _ebss

._user_heap_stack
                0x0000000020000514      0x604 load address 0x0000000008004a80
                0x0000000020000518                . = ALIGN (0x8)
 *fill*         0x0000000020000514        0x4 
                [!provide]                        PROVIDE (end = .)
                0x0000000020000518                PROVIDE (_end = .)
                0x0000000020000718                . = (. + _Min_Heap_Size)
 *fill*         0x0000000020000518      0x200 
                0x0000000020000b18                . = (. + _Min_Stack_Size)
 *fill*         0x0000000020000718      0x400 
                0x0000000020000b18                . = ALIGN (0x8)

/DISCARD/
 libc.a(*)
 libm.a(*)
 libgcc.a(*)

.ARM.attributes
                0x0000000000000000       0x30
 *(.ARM.attributes)
 .ARM.attributes
                0x0000000000000000       0x1e c:/st/stm32cubeide_1.11.0/stm32cubeide/plugins/com.st.stm32cube.ide.mcu.externaltools.gnu-tools-for-stm32.10.3-2021.10.win32_1.0.200.202301161003/tools/bin/../lib/gcc/arm-none-eabi/10.3.1/thumb/v7e-m+fp/hard/crti.o
 .ARM.attributes
                0x000000000000001e       0x34 c:/st/stm32cubeide_1.11.0/stm32cubeide/plugins/com.st.stm32cube.ide.mcu.externaltools.gnu-tools-for-stm32.10.3-2021.10.win32_1.0.200.202301161003/tools/bin/../lib/gcc/arm-none-eabi/10.3.1/thumb/v7e-m+fp/hard/crtbegin.o
 .ARM.attributes
                0x0000000000000052       0x34 ./Core/Src/fonts.o
 .ARM.attributes
                0x0000000000000086       0x34 ./Core/Src/main.o
 .ARM.attributes
                0x00000000000000ba       0x34 ./Core/Src/ssd1306.o
 .ARM.attributes
                0x00000000000000ee       0x34 ./Core/Src/stm32l4xx_hal_msp.o
 .ARM.attributes
                0x0000000000000122       0x34 ./Core/Src/stm32l4xx_it.o
 .ARM.attributes
                0x0000000000000156       0x34 ./Core/Src/system_stm32l4xx.o
 .ARM.attributes
                0x000000000000018a       0x21 ./Core/Startup/startup_stm32l432kcux.o
 .ARM.attributes
                0x00000000000001ab       0x34 ./Drivers/STM32L4xx_HAL_Driver/Src/stm32l4xx_hal.o
 .ARM.attributes
                0x00000000000001df       0x34 ./Drivers/STM32L4xx_HAL_Driver/Src/stm32l4xx_hal_cortex.o
 .ARM.attributes
                0x0000000000000213       0x34 ./Drivers/STM32L4xx_HAL_Driver/Src/stm32l4xx_hal_gpio.o
 .ARM.attributes
                0x0000000000000247       0x34 ./Drivers/STM32L4xx_HAL_Driver/Src/stm32l4xx_hal_i2c.o
 .ARM.attributes
                0x000000000000027b       0x34 ./Drivers/STM32L4xx_HAL_Driver/Src/stm32l4xx_hal_i2c_ex.o
 .ARM.attributes
                0x00000000000002af       0x34 ./Drivers/STM32L4xx_HAL_Driver/Src/stm32l4xx_hal_pwr.o
 .ARM.attributes
                0x00000000000002e3       0x34 ./Drivers/STM32L4xx_HAL_Driver/Src/stm32l4xx_hal_pwr_ex.o
 .ARM.attributes
                0x0000000000000317       0x34 ./Drivers/STM32L4xx_HAL_Driver/Src/stm32l4xx_hal_rcc.o
 .ARM.attributes
                0x000000000000034b       0x34 ./Drivers/STM32L4xx_HAL_Driver/Src/stm32l4xx_hal_rcc_ex.o
 .ARM.attributes
                0x000000000000037f       0x34 ./Drivers/STM32L4xx_HAL_Driver/Src/stm32l4xx_hal_uart.o
 .ARM.attributes
                0x00000000000003b3       0x34 c:/st/stm32cubeide_1.11.0/stm32cubeide/plugins/com.st.stm32cube.ide.mcu.externaltools.gnu-tools-for-stm32.10.3-2021.10.win32_1.0.200.202301161003/tools/bin/../lib/gcc/arm-none-eabi/10.3.1/../../../../arm-none-eabi/lib/thumb/v7e-m+fp/hard\libc_nano.a(lib_a-init.o)
 .ARM.attributes
                0x00000000000003e7       0x34 c:/st/stm32cubeide_1.11.0/stm32cubeide/plugins/com.st.stm32cube.ide.mcu.externaltools.gnu-tools-for-stm32.10.3-2021.10.win32_1.0.200.202301161003/tools/bin/../lib/gcc/arm-none-eabi/10.3.1/../../../../arm-none-eabi/lib/thumb/v7e-m+fp/hard\libc_nano.a(lib_a-memset.o)
 .ARM.attributes
                0x000000000000041b       0x1e c:/st/stm32cubeide_1.11.0/stm32cubeide/plugins/com.st.stm32cube.ide.mcu.externaltools.gnu-tools-for-stm32.10.3-2021.10.win32_1.0.200.202301161003/tools/bin/../lib/gcc/arm-none-eabi/10.3.1/thumb/v7e-m+fp/hard\libgcc.a(_aeabi_uldivmod.o)
 .ARM.attributes
                0x0000000000000439       0x34 c:/st/stm32cubeide_1.11.0/stm32cubeide/plugins/com.st.stm32cube.ide.mcu.externaltools.gnu-tools-for-stm32.10.3-2021.10.win32_1.0.200.202301161003/tools/bin/../lib/gcc/arm-none-eabi/10.3.1/thumb/v7e-m+fp/hard\libgcc.a(_udivmoddi4.o)
 .ARM.attributes
                0x000000000000046d       0x1e c:/st/stm32cubeide_1.11.0/stm32cubeide/plugins/com.st.stm32cube.ide.mcu.externaltools.gnu-tools-for-stm32.10.3-2021.10.win32_1.0.200.202301161003/tools/bin/../lib/gcc/arm-none-eabi/10.3.1/thumb/v7e-m+fp/hard\libgcc.a(_dvmd_tls.o)
 .ARM.attributes
                0x000000000000048b       0x1e c:/st/stm32cubeide_1.11.0/stm32cubeide/plugins/com.st.stm32cube.ide.mcu.externaltools.gnu-tools-for-stm32.10.3-2021.10.win32_1.0.200.202301161003/tools/bin/../lib/gcc/arm-none-eabi/10.3.1/thumb/v7e-m+fp/hard/crtn.o
OUTPUT(KHood_controller.elf elf32-littlearm)
LOAD linker stubs
LOAD c:/st/stm32cubeide_1.11.0/stm32cubeide/plugins/com.st.stm32cube.ide.mcu.externaltools.gnu-tools-for-stm32.10.3-2021.10.win32_1.0.200.202301161003/tools/bin/../lib/gcc/arm-none-eabi/10.3.1/../../../../arm-none-eabi/lib/thumb/v7e-m+fp/hard\libc.a
LOAD c:/st/stm32cubeide_1.11.0/stm32cubeide/plugins/com.st.stm32cube.ide.mcu.externaltools.gnu-tools-for-stm32.10.3-2021.10.win32_1.0.200.202301161003/tools/bin/../lib/gcc/arm-none-eabi/10.3.1/../../../../arm-none-eabi/lib/thumb/v7e-m+fp/hard\libm.a
LOAD c:/st/stm32cubeide_1.11.0/stm32cubeide/plugins/com.st.stm32cube.ide.mcu.externaltools.gnu-tools-for-stm32.10.3-2021.10.win32_1.0.200.202301161003/tools/bin/../lib/gcc/arm-none-eabi/10.3.1/thumb/v7e-m+fp/hard\libgcc.a

.debug_info     0x0000000000000000     0xf4f5
 .debug_info    0x0000000000000000      0x27a ./Core/Src/fonts.o
 .debug_info    0x000000000000027a     0x11de ./Core/Src/main.o
 .debug_info    0x0000000000001458     0x116a ./Core/Src/ssd1306.o
 .debug_info    0x00000000000025c2     0x1021 ./Core/Src/stm32l4xx_hal_msp.o
 .debug_info    0x00000000000035e3      0x122 ./Core/Src/stm32l4xx_it.o
 .debug_info    0x0000000000003705      0x5d4 ./Core/Src/system_stm32l4xx.o
 .debug_info    0x0000000000003cd9       0x22 ./Core/Startup/startup_stm32l432kcux.o
 .debug_info    0x0000000000003cfb      0x9da ./Drivers/STM32L4xx_HAL_Driver/Src/stm32l4xx_hal.o
 .debug_info    0x00000000000046d5      0xda3 ./Drivers/STM32L4xx_HAL_Driver/Src/stm32l4xx_hal_cortex.o
 .debug_info    0x0000000000005478      0x821 ./Drivers/STM32L4xx_HAL_Driver/Src/stm32l4xx_hal_gpio.o
 .debug_info    0x0000000000005c99     0x2232 ./Drivers/STM32L4xx_HAL_Driver/Src/stm32l4xx_hal_i2c.o
 .debug_info    0x0000000000007ecb      0xa53 ./Drivers/STM32L4xx_HAL_Driver/Src/stm32l4xx_hal_i2c_ex.o
 .debug_info    0x000000000000891e      0x95e ./Drivers/STM32L4xx_HAL_Driver/Src/stm32l4xx_hal_pwr.o
 .debug_info    0x000000000000927c      0x96b ./Drivers/STM32L4xx_HAL_Driver/Src/stm32l4xx_hal_pwr_ex.o
 .debug_info    0x0000000000009be7      0xc97 ./Drivers/STM32L4xx_HAL_Driver/Src/stm32l4xx_hal_rcc.o
 .debug_info    0x000000000000a87e      0xf5b ./Drivers/STM32L4xx_HAL_Driver/Src/stm32l4xx_hal_rcc_ex.o
 .debug_info    0x000000000000b7d9     0x3d1c ./Drivers/STM32L4xx_HAL_Driver/Src/stm32l4xx_hal_uart.o

.debug_abbrev   0x0000000000000000     0x2101
 .debug_abbrev  0x0000000000000000      0x111 ./Core/Src/fonts.o
 .debug_abbrev  0x0000000000000111      0x2d1 ./Core/Src/main.o
 .debug_abbrev  0x00000000000003e2      0x303 ./Core/Src/ssd1306.o
 .debug_abbrev  0x00000000000006e5      0x1d0 ./Core/Src/stm32l4xx_hal_msp.o
 .debug_abbrev  0x00000000000008b5       0x74 ./Core/Src/stm32l4xx_it.o
 .debug_abbrev  0x0000000000000929      0x116 ./Core/Src/system_stm32l4xx.o
 .debug_abbrev  0x0000000000000a3f       0x12 ./Core/Startup/startup_stm32l432kcux.o
 .debug_abbrev  0x0000000000000a51      0x21e ./Drivers/STM32L4xx_HAL_Driver/Src/stm32l4xx_hal.o
 .debug_abbrev  0x0000000000000c6f      0x316 ./Drivers/STM32L4xx_HAL_Driver/Src/stm32l4xx_hal_cortex.o
 .debug_abbrev  0x0000000000000f85      0x1bb ./Drivers/STM32L4xx_HAL_Driver/Src/stm32l4xx_hal_gpio.o
 .debug_abbrev  0x0000000000001140      0x243 ./Drivers/STM32L4xx_HAL_Driver/Src/stm32l4xx_hal_i2c.o
 .debug_abbrev  0x0000000000001383      0x1b0 ./Drivers/STM32L4xx_HAL_Driver/Src/stm32l4xx_hal_i2c_ex.o
 .debug_abbrev  0x0000000000001533      0x1c9 ./Drivers/STM32L4xx_HAL_Driver/Src/stm32l4xx_hal_pwr.o
 .debug_abbrev  0x00000000000016fc      0x1f3 ./Drivers/STM32L4xx_HAL_Driver/Src/stm32l4xx_hal_pwr_ex.o
 .debug_abbrev  0x00000000000018ef      0x2bd ./Drivers/STM32L4xx_HAL_Driver/Src/stm32l4xx_hal_rcc.o
 .debug_abbrev  0x0000000000001bac      0x299 ./Drivers/STM32L4xx_HAL_Driver/Src/stm32l4xx_hal_rcc_ex.o
 .debug_abbrev  0x0000000000001e45      0x2bc ./Drivers/STM32L4xx_HAL_Driver/Src/stm32l4xx_hal_uart.o

.debug_aranges  0x0000000000000000      0xd18
 .debug_aranges
                0x0000000000000000       0x20 ./Core/Src/fonts.o
 .debug_aranges
                0x0000000000000020       0x48 ./Core/Src/main.o
 .debug_aranges
                0x0000000000000068       0xf8 ./Core/Src/ssd1306.o
 .debug_aranges
                0x0000000000000160       0x40 ./Core/Src/stm32l4xx_hal_msp.o
 .debug_aranges
                0x00000000000001a0       0x60 ./Core/Src/stm32l4xx_it.o
 .debug_aranges
                0x0000000000000200       0x28 ./Core/Src/system_stm32l4xx.o
 .debug_aranges
                0x0000000000000228       0x28 ./Core/Startup/startup_stm32l432kcux.o
 .debug_aranges
                0x0000000000000250      0x108 ./Drivers/STM32L4xx_HAL_Driver/Src/stm32l4xx_hal.o
 .debug_aranges
                0x0000000000000358      0x118 ./Drivers/STM32L4xx_HAL_Driver/Src/stm32l4xx_hal_cortex.o
 .debug_aranges
                0x0000000000000470       0x58 ./Drivers/STM32L4xx_HAL_Driver/Src/stm32l4xx_hal_gpio.o
 .debug_aranges
                0x00000000000004c8      0x2a0 ./Drivers/STM32L4xx_HAL_Driver/Src/stm32l4xx_hal_i2c.o
 .debug_aranges
                0x0000000000000768       0x48 ./Drivers/STM32L4xx_HAL_Driver/Src/stm32l4xx_hal_i2c_ex.o
 .debug_aranges
                0x00000000000007b0       0x98 ./Drivers/STM32L4xx_HAL_Driver/Src/stm32l4xx_hal_pwr.o
 .debug_aranges
                0x0000000000000848      0x128 ./Drivers/STM32L4xx_HAL_Driver/Src/stm32l4xx_hal_pwr_ex.o
 .debug_aranges
                0x0000000000000970       0x90 ./Drivers/STM32L4xx_HAL_Driver/Src/stm32l4xx_hal_rcc.o
 .debug_aranges
                0x0000000000000a00       0xf0 ./Drivers/STM32L4xx_HAL_Driver/Src/stm32l4xx_hal_rcc_ex.o
 .debug_aranges
                0x0000000000000af0      0x228 ./Drivers/STM32L4xx_HAL_Driver/Src/stm32l4xx_hal_uart.o

.debug_ranges   0x0000000000000000      0xc40
 .debug_ranges  0x0000000000000000       0x10 ./Core/Src/fonts.o
 .debug_ranges  0x0000000000000010       0x38 ./Core/Src/main.o
 .debug_ranges  0x0000000000000048       0xe8 ./Core/Src/ssd1306.o
 .debug_ranges  0x0000000000000130       0x30 ./Core/Src/stm32l4xx_hal_msp.o
 .debug_ranges  0x0000000000000160       0x50 ./Core/Src/stm32l4xx_it.o
 .debug_ranges  0x00000000000001b0       0x18 ./Core/Src/system_stm32l4xx.o
 .debug_ranges  0x00000000000001c8       0x20 ./Core/Startup/startup_stm32l432kcux.o
 .debug_ranges  0x00000000000001e8       0xf8 ./Drivers/STM32L4xx_HAL_Driver/Src/stm32l4xx_hal.o
 .debug_ranges  0x00000000000002e0      0x108 ./Drivers/STM32L4xx_HAL_Driver/Src/stm32l4xx_hal_cortex.o
 .debug_ranges  0x00000000000003e8       0x48 ./Drivers/STM32L4xx_HAL_Driver/Src/stm32l4xx_hal_gpio.o
 .debug_ranges  0x0000000000000430      0x290 ./Drivers/STM32L4xx_HAL_Driver/Src/stm32l4xx_hal_i2c.o
 .debug_ranges  0x00000000000006c0       0x38 ./Drivers/STM32L4xx_HAL_Driver/Src/stm32l4xx_hal_i2c_ex.o
 .debug_ranges  0x00000000000006f8       0x88 ./Drivers/STM32L4xx_HAL_Driver/Src/stm32l4xx_hal_pwr.o
 .debug_ranges  0x0000000000000780      0x118 ./Drivers/STM32L4xx_HAL_Driver/Src/stm32l4xx_hal_pwr_ex.o
 .debug_ranges  0x0000000000000898       0x80 ./Drivers/STM32L4xx_HAL_Driver/Src/stm32l4xx_hal_rcc.o
 .debug_ranges  0x0000000000000918       0xe0 ./Drivers/STM32L4xx_HAL_Driver/Src/stm32l4xx_hal_rcc_ex.o
 .debug_ranges  0x00000000000009f8      0x248 ./Drivers/STM32L4xx_HAL_Driver/Src/stm32l4xx_hal_uart.o

.debug_macro    0x0000000000000000    0x204b2
 .debug_macro   0x0000000000000000      0x29d ./Core/Src/fonts.o
 .debug_macro   0x000000000000029d      0xa78 ./Core/Src/fonts.o
 .debug_macro   0x0000000000000d15      0x1a7 ./Core/Src/fonts.o
 .debug_macro   0x0000000000000ebc       0x2e ./Core/Src/fonts.o
 .debug_macro   0x0000000000000eea       0x28 ./Core/Src/fonts.o
 .debug_macro   0x0000000000000f12       0x22 ./Core/Src/fonts.o
 .debug_macro   0x0000000000000f34       0x8e ./Core/Src/fonts.o
 .debug_macro   0x0000000000000fc2       0x51 ./Core/Src/fonts.o
 .debug_macro   0x0000000000001013      0x103 ./Core/Src/fonts.o
 .debug_macro   0x0000000000001116       0x6a ./Core/Src/fonts.o
 .debug_macro   0x0000000000001180      0x1df ./Core/Src/fonts.o
 .debug_macro   0x000000000000135f       0x1c ./Core/Src/fonts.o
 .debug_macro   0x000000000000137b       0x22 ./Core/Src/fonts.o
 .debug_macro   0x000000000000139d       0xfb ./Core/Src/fonts.o
 .debug_macro   0x0000000000001498     0x1011 ./Core/Src/fonts.o
 .debug_macro   0x00000000000024a9      0x11f ./Core/Src/fonts.o
 .debug_macro   0x00000000000025c8    0x147a6 ./Core/Src/fonts.o
 .debug_macro   0x0000000000016d6e       0x6d ./Core/Src/fonts.o
 .debug_macro   0x0000000000016ddb     0x38e6 ./Core/Src/fonts.o
 .debug_macro   0x000000000001a6c1      0x174 ./Core/Src/fonts.o
 .debug_macro   0x000000000001a835       0x5c ./Core/Src/fonts.o
 .debug_macro   0x000000000001a891     0x11ca ./Core/Src/fonts.o
 .debug_macro   0x000000000001ba5b      0x53c ./Core/Src/fonts.o
 .debug_macro   0x000000000001bf97      0x1b9 ./Core/Src/fonts.o
 .debug_macro   0x000000000001c150      0x122 ./Core/Src/fonts.o
 .debug_macro   0x000000000001c272      0x26b ./Core/Src/fonts.o
 .debug_macro   0x000000000001c4dd      0x23d ./Core/Src/fonts.o
 .debug_macro   0x000000000001c71a      0x241 ./Core/Src/fonts.o
 .debug_macro   0x000000000001c95b      0x375 ./Core/Src/fonts.o
 .debug_macro   0x000000000001ccd0       0xd6 ./Core/Src/fonts.o
 .debug_macro   0x000000000001cda6      0x22c ./Core/Src/fonts.o
 .debug_macro   0x000000000001cfd2       0x61 ./Core/Src/fonts.o
 .debug_macro   0x000000000001d033       0xa5 ./Core/Src/fonts.o
 .debug_macro   0x000000000001d0d8      0x122 ./Core/Src/fonts.o
 .debug_macro   0x000000000001d1fa      0x356 ./Core/Src/fonts.o
 .debug_macro   0x000000000001d550      0x5ba ./Core/Src/fonts.o
 .debug_macro   0x000000000001db0a       0x44 ./Core/Src/fonts.o
 .debug_macro   0x000000000001db4e      0x220 ./Core/Src/fonts.o
 .debug_macro   0x000000000001dd6e       0x52 ./Core/Src/fonts.o
 .debug_macro   0x000000000001ddc0       0x1e ./Core/Src/fonts.o
 .debug_macro   0x000000000001ddde       0x3c ./Core/Src/fonts.o
 .debug_macro   0x000000000001de1a       0x34 ./Core/Src/fonts.o
 .debug_macro   0x000000000001de4e       0x16 ./Core/Src/fonts.o
 .debug_macro   0x000000000001de64       0x43 ./Core/Src/fonts.o
 .debug_macro   0x000000000001dea7       0x34 ./Core/Src/fonts.o
 .debug_macro   0x000000000001dedb       0x10 ./Core/Src/fonts.o
 .debug_macro   0x000000000001deeb       0x58 ./Core/Src/fonts.o
 .debug_macro   0x000000000001df43       0x71 ./Core/Src/fonts.o
 .debug_macro   0x000000000001dfb4       0x1c ./Core/Src/fonts.o
 .debug_macro   0x000000000001dfd0      0x12a ./Core/Src/fonts.o
 .debug_macro   0x000000000001e0fa      0x341 ./Core/Src/fonts.o
 .debug_macro   0x000000000001e43b       0x10 ./Core/Src/fonts.o
 .debug_macro   0x000000000001e44b       0x35 ./Core/Src/fonts.o
 .debug_macro   0x000000000001e480       0x20 ./Core/Src/fonts.o
 .debug_macro   0x000000000001e4a0      0x2fd ./Core/Src/main.o
 .debug_macro   0x000000000001e79d       0x58 ./Core/Src/main.o
 .debug_macro   0x000000000001e7f5       0x16 ./Core/Src/main.o
 .debug_macro   0x000000000001e80b       0x16 ./Core/Src/main.o
 .debug_macro   0x000000000001e821       0x29 ./Core/Src/main.o
 .debug_macro   0x000000000001e84a       0x1d ./Core/Src/main.o
 .debug_macro   0x000000000001e867      0x328 ./Core/Src/ssd1306.o
 .debug_macro   0x000000000001eb8f      0x1d4 ./Core/Src/stm32l4xx_hal_msp.o
 .debug_macro   0x000000000001ed63      0x1de ./Core/Src/stm32l4xx_it.o
 .debug_macro   0x000000000001ef41      0x1c5 ./Core/Src/system_stm32l4xx.o
 .debug_macro   0x000000000001f106      0x20d ./Drivers/STM32L4xx_HAL_Driver/Src/stm32l4xx_hal.o
 .debug_macro   0x000000000001f313      0x1c5 ./Drivers/STM32L4xx_HAL_Driver/Src/stm32l4xx_hal_cortex.o
 .debug_macro   0x000000000001f4d8      0x1cc ./Drivers/STM32L4xx_HAL_Driver/Src/stm32l4xx_hal_gpio.o
 .debug_macro   0x000000000001f6a4      0x291 ./Drivers/STM32L4xx_HAL_Driver/Src/stm32l4xx_hal_i2c.o
 .debug_macro   0x000000000001f935      0x1c5 ./Drivers/STM32L4xx_HAL_Driver/Src/stm32l4xx_hal_i2c_ex.o
 .debug_macro   0x000000000001fafa      0x1dd ./Drivers/STM32L4xx_HAL_Driver/Src/stm32l4xx_hal_pwr.o
 .debug_macro   0x000000000001fcd7      0x1e9 ./Drivers/STM32L4xx_HAL_Driver/Src/stm32l4xx_hal_pwr_ex.o
 .debug_macro   0x000000000001fec0      0x207 ./Drivers/STM32L4xx_HAL_Driver/Src/stm32l4xx_hal_rcc.o
 .debug_macro   0x00000000000200c7      0x1fb ./Drivers/STM32L4xx_HAL_Driver/Src/stm32l4xx_hal_rcc_ex.o
 .debug_macro   0x00000000000202c2      0x1f0 ./Drivers/STM32L4xx_HAL_Driver/Src/stm32l4xx_hal_uart.o

.debug_line     0x0000000000000000    0x1013e
 .debug_line    0x0000000000000000      0x82a ./Core/Src/fonts.o
 .debug_line    0x000000000000082a      0x9cc ./Core/Src/main.o
 .debug_line    0x00000000000011f6      0xffe ./Core/Src/ssd1306.o
 .debug_line    0x00000000000021f4      0x795 ./Core/Src/stm32l4xx_hal_msp.o
 .debug_line    0x0000000000002989      0x787 ./Core/Src/stm32l4xx_it.o
 .debug_line    0x0000000000003110      0x75c ./Core/Src/system_stm32l4xx.o
 .debug_line    0x000000000000386c       0x88 ./Core/Startup/startup_stm32l432kcux.o
 .debug_line    0x00000000000038f4      0xa21 ./Drivers/STM32L4xx_HAL_Driver/Src/stm32l4xx_hal.o
 .debug_line    0x0000000000004315      0xc5b ./Drivers/STM32L4xx_HAL_Driver/Src/stm32l4xx_hal_cortex.o
 .debug_line    0x0000000000004f70      0xaab ./Drivers/STM32L4xx_HAL_Driver/Src/stm32l4xx_hal_gpio.o
 .debug_line    0x0000000000005a1b     0x3646 ./Drivers/STM32L4xx_HAL_Driver/Src/stm32l4xx_hal_i2c.o
 .debug_line    0x0000000000009061      0x8e2 ./Drivers/STM32L4xx_HAL_Driver/Src/stm32l4xx_hal_i2c_ex.o
 .debug_line    0x0000000000009943      0x891 ./Drivers/STM32L4xx_HAL_Driver/Src/stm32l4xx_hal_pwr.o
 .debug_line    0x000000000000a1d4      0xbb3 ./Drivers/STM32L4xx_HAL_Driver/Src/stm32l4xx_hal_pwr_ex.o
 .debug_line    0x000000000000ad87      0xf6c ./Drivers/STM32L4xx_HAL_Driver/Src/stm32l4xx_hal_rcc.o
 .debug_line    0x000000000000bcf3     0x1286 ./Drivers/STM32L4xx_HAL_Driver/Src/stm32l4xx_hal_rcc_ex.o
 .debug_line    0x000000000000cf79     0x31c5 ./Drivers/STM32L4xx_HAL_Driver/Src/stm32l4xx_hal_uart.o

.debug_str      0x0000000000000000    0xc15be
 .debug_str     0x0000000000000000    0xbcb6f ./Core/Src/fonts.o
                                      0xbce3e (size before relaxing)
 .debug_str     0x00000000000bcb6f      0xd95 ./Core/Src/main.o
                                      0xbdc53 (size before relaxing)
 .debug_str     0x00000000000bd904      0x4ed ./Core/Src/ssd1306.o
                                      0xbd945 (size before relaxing)
 .debug_str     0x00000000000bddf1      0x245 ./Core/Src/stm32l4xx_hal_msp.o
                                      0xbab87 (size before relaxing)
 .debug_str     0x00000000000be036       0xc9 ./Core/Src/stm32l4xx_it.o
                                      0xba137 (size before relaxing)
 .debug_str     0x00000000000be0ff       0xf2 ./Core/Src/system_stm32l4xx.o
                                      0xba180 (size before relaxing)
 .debug_str     0x00000000000be1f1       0x36 ./Core/Startup/startup_stm32l432kcux.o
                                         0x64 (size before relaxing)
 .debug_str     0x00000000000be227      0x8ff ./Drivers/STM32L4xx_HAL_Driver/Src/stm32l4xx_hal.o
                                      0xbab0d (size before relaxing)
 .debug_str     0x00000000000beb26      0x344 ./Drivers/STM32L4xx_HAL_Driver/Src/stm32l4xx_hal_cortex.o
                                      0xba8ae (size before relaxing)
 .debug_str     0x00000000000bee6a      0x112 ./Drivers/STM32L4xx_HAL_Driver/Src/stm32l4xx_hal_gpio.o
                                      0xba2f4 (size before relaxing)
 .debug_str     0x00000000000bef7c      0xdb6 ./Drivers/STM32L4xx_HAL_Driver/Src/stm32l4xx_hal_i2c.o
                                      0xbb381 (size before relaxing)
 .debug_str     0x00000000000bfd32       0xb8 ./Drivers/STM32L4xx_HAL_Driver/Src/stm32l4xx_hal_i2c_ex.o
                                      0xba6b7 (size before relaxing)
 .debug_str     0x00000000000bfdea      0x333 ./Drivers/STM32L4xx_HAL_Driver/Src/stm32l4xx_hal_pwr.o
                                      0xba4ca (size before relaxing)
 .debug_str     0x00000000000c011d      0x369 ./Drivers/STM32L4xx_HAL_Driver/Src/stm32l4xx_hal_pwr_ex.o
                                      0xba628 (size before relaxing)
 .debug_str     0x00000000000c0486      0x381 ./Drivers/STM32L4xx_HAL_Driver/Src/stm32l4xx_hal_rcc.o
                                      0xba780 (size before relaxing)
 .debug_str     0x00000000000c0807      0x4ea ./Drivers/STM32L4xx_HAL_Driver/Src/stm32l4xx_hal_rcc_ex.o
                                      0xba9e0 (size before relaxing)
 .debug_str     0x00000000000c0cf1      0x8cd ./Drivers/STM32L4xx_HAL_Driver/Src/stm32l4xx_hal_uart.o
                                      0xbaeb0 (size before relaxing)

.comment        0x0000000000000000       0x50
 .comment       0x0000000000000000       0x50 ./Core/Src/fonts.o
                                         0x51 (size before relaxing)
 .comment       0x0000000000000050       0x51 ./Core/Src/main.o
 .comment       0x0000000000000050       0x51 ./Core/Src/ssd1306.o
 .comment       0x0000000000000050       0x51 ./Core/Src/stm32l4xx_hal_msp.o
 .comment       0x0000000000000050       0x51 ./Core/Src/stm32l4xx_it.o
 .comment       0x0000000000000050       0x51 ./Core/Src/system_stm32l4xx.o
 .comment       0x0000000000000050       0x51 ./Drivers/STM32L4xx_HAL_Driver/Src/stm32l4xx_hal.o
 .comment       0x0000000000000050       0x51 ./Drivers/STM32L4xx_HAL_Driver/Src/stm32l4xx_hal_cortex.o
 .comment       0x0000000000000050       0x51 ./Drivers/STM32L4xx_HAL_Driver/Src/stm32l4xx_hal_gpio.o
 .comment       0x0000000000000050       0x51 ./Drivers/STM32L4xx_HAL_Driver/Src/stm32l4xx_hal_i2c.o
 .comment       0x0000000000000050       0x51 ./Drivers/STM32L4xx_HAL_Driver/Src/stm32l4xx_hal_i2c_ex.o
 .comment       0x0000000000000050       0x51 ./Drivers/STM32L4xx_HAL_Driver/Src/stm32l4xx_hal_pwr.o
 .comment       0x0000000000000050       0x51 ./Drivers/STM32L4xx_HAL_Driver/Src/stm32l4xx_hal_pwr_ex.o
 .comment       0x0000000000000050       0x51 ./Drivers/STM32L4xx_HAL_Driver/Src/stm32l4xx_hal_rcc.o
 .comment       0x0000000000000050       0x51 ./Drivers/STM32L4xx_HAL_Driver/Src/stm32l4xx_hal_rcc_ex.o
 .comment       0x0000000000000050       0x51 ./Drivers/STM32L4xx_HAL_Driver/Src/stm32l4xx_hal_uart.o

.debug_frame    0x0000000000000000     0x3594
 .debug_frame   0x0000000000000000       0x38 ./Core/Src/fonts.o
 .debug_frame   0x0000000000000038       0xc4 ./Core/Src/main.o
 .debug_frame   0x00000000000000fc      0x414 ./Core/Src/ssd1306.o
 .debug_frame   0x0000000000000510       0xd0 ./Core/Src/stm32l4xx_hal_msp.o
 .debug_frame   0x00000000000005e0      0x104 ./Core/Src/stm32l4xx_it.o
 .debug_frame   0x00000000000006e4       0x58 ./Core/Src/system_stm32l4xx.o
 .debug_frame   0x000000000000073c      0x3dc ./Drivers/STM32L4xx_HAL_Driver/Src/stm32l4xx_hal.o
 .debug_frame   0x0000000000000b18      0x498 ./Drivers/STM32L4xx_HAL_Driver/Src/stm32l4xx_hal_cortex.o
 .debug_frame   0x0000000000000fb0      0x14c ./Drivers/STM32L4xx_HAL_Driver/Src/stm32l4xx_hal_gpio.o
 .debug_frame   0x00000000000010fc      0xc38 ./Drivers/STM32L4xx_HAL_Driver/Src/stm32l4xx_hal_i2c.o
 .debug_frame   0x0000000000001d34      0x100 ./Drivers/STM32L4xx_HAL_Driver/Src/stm32l4xx_hal_i2c_ex.o
 .debug_frame   0x0000000000001e34      0x230 ./Drivers/STM32L4xx_HAL_Driver/Src/stm32l4xx_hal_pwr.o
 .debug_frame   0x0000000000002064      0x4a4 ./Drivers/STM32L4xx_HAL_Driver/Src/stm32l4xx_hal_pwr_ex.o
 .debug_frame   0x0000000000002508      0x21c ./Drivers/STM32L4xx_HAL_Driver/Src/stm32l4xx_hal_rcc.o
 .debug_frame   0x0000000000002724      0x3d0 ./Drivers/STM32L4xx_HAL_Driver/Src/stm32l4xx_hal_rcc_ex.o
 .debug_frame   0x0000000000002af4      0x9f4 ./Drivers/STM32L4xx_HAL_Driver/Src/stm32l4xx_hal_uart.o
 .debug_frame   0x00000000000034e8       0x2c c:/st/stm32cubeide_1.11.0/stm32cubeide/plugins/com.st.stm32cube.ide.mcu.externaltools.gnu-tools-for-stm32.10.3-2021.10.win32_1.0.200.202301161003/tools/bin/../lib/gcc/arm-none-eabi/10.3.1/../../../../arm-none-eabi/lib/thumb/v7e-m+fp/hard\libc_nano.a(lib_a-init.o)
 .debug_frame   0x0000000000003514       0x20 c:/st/stm32cubeide_1.11.0/stm32cubeide/plugins/com.st.stm32cube.ide.mcu.externaltools.gnu-tools-for-stm32.10.3-2021.10.win32_1.0.200.202301161003/tools/bin/../lib/gcc/arm-none-eabi/10.3.1/../../../../arm-none-eabi/lib/thumb/v7e-m+fp/hard\libc_nano.a(lib_a-memset.o)
 .debug_frame   0x0000000000003534       0x2c c:/st/stm32cubeide_1.11.0/stm32cubeide/plugins/com.st.stm32cube.ide.mcu.externaltools.gnu-tools-for-stm32.10.3-2021.10.win32_1.0.200.202301161003/tools/bin/../lib/gcc/arm-none-eabi/10.3.1/thumb/v7e-m+fp/hard\libgcc.a(_aeabi_uldivmod.o)
 .debug_frame   0x0000000000003560       0x34 c:/st/stm32cubeide_1.11.0/stm32cubeide/plugins/com.st.stm32cube.ide.mcu.externaltools.gnu-tools-for-stm32.10.3-2021.10.win32_1.0.200.202301161003/tools/bin/../lib/gcc/arm-none-eabi/10.3.1/thumb/v7e-m+fp/hard\libgcc.a(_udivmoddi4.o)
